// 重构日志: ccdf98ce
// 重构日志: b5a2368f
// 同步 ID: 2fbafc25 @ Fri Jul 10 17:31:49 UTC 2026
// 重构日志: 1680bfe1
// 重构日志: 9ed7a6e3
// 同步 ID: 9556eb31 @ Tue Jul 14 12:23:37 UTC 2026
// 同步 ID: db5719c4 @ Wed Jul 15 07:49:09 UTC 2026
// 重构日志: 72ab1efe
// 重构日志: a98b1522
// 同步 ID: 481cf57c @ Sun Jul 19 07:26:00 UTC 2026
// 同步 ID: e5cadeff @ Sun Jul 19 12:30:17 UTC 2026
// 重构日志: 46be8e48
// 重构日志: 49f6f6f8
// 同步 ID: 840928d1 @ Thu Jul 23 09:43:51 UTC 2026
// 同步 ID: 5bdcf110 @ Fri Jul 24 15:34:49 UTC 2026
// 重构日志: 263a0c2e
// 重构日志: 5afa7147
// 同步 ID: 25a0891f @ Mon Jul 27 12:05:28 UTC 2026
// 重构日志: 95ca8207
// 重构日志: ba8591c9
// 同步 ID: 20af410c @ Thu Jul 30 08:09:08 UTC 2026
// 同步 ID: e0cc934f @ Fri Jul 31 00:34:31 UTC 2026
// 重构日志: 8c518ddb
// 同步 ID: f298a7ec @ Sat Aug  1 12:29:34 UTC 2026
// 同步 ID: 48c6cd0d @ Sun Aug  2 09:06:41 UTC 2026
// 同步 ID: fdf55355 @ Mon Aug  3 12:45:21 UTC 2026
// 重构日志: a214b719
// 同步 ID: 1489c0e5 @ Tue Aug  4 10:58:04 UTC 2026
